; Mapping file for guanine RNA
;   - Adapted from Parisa-2014 CHARMM DNA mapping files to RNA; Helgi I. Ingolfsson <ingolfsson@gmail.com> 2015.11
;   - Changes to fix chirality of H1' and H4' in sugar backbone; Helgi I. Ingolfsson <ingolfsson@gmail.com> 2015.11
;   - Rules and atom definitions for the 3'/5'ends added, can be in the same file as those are skipped when not in the AA topology; Helgi I. Ingolfsson <ingolfsson@gmail.com> 2015.11

[ molecule ]
G

[from]
charmm

[to]
martini3001

[ martini ]
BB1 BB2 BB3  GSC1 SC2 SC3 SC4

[ mapping ]
charmm27 charmm36

[ atoms ]
; phosphate (Note in the 5'end there is no phosphate and no BB1 bead, bakwards uses BB2 insted)
   ;-1  H5T    BB2 ;RD               ; Only used in the 5'end; removing this now, because its added in modifications.
    1    P    BB1 ;RD    ; used a R bead (4-1) mapping for the phophate ion. D asthe bead type depicting phosphate  [supp tab 24]
    2  O1P    BB1 ;RD
    3  O2P    BB1 ;RD
    4  O5'    BB2 ;RD    
; sugar
    5  C5'    BB2 ;SN3r
    6  H5'    BB2 ;SN3r
    7  H5''   BB2 ;SN3r
    8  C4'    BB2 ;SN3r SN3r
    9  H4'    BB2 ;SN3r
   10  O4'    BB2 ;SN3r
   11  C1'    BB3 ;SP1
   12  H1'    BB3 ;SP1
; guanine
   13  N9     GSC1 ;TN3a     
   14  C4     GSC1 ;TN3a TC1
   15  N2     GSC2 ;TN3a
   16  H21    GSC2 ;TN3a
   17  H22    GSC2 ;TN3a
   18  N3     GSC2  ;TN4
   19  C2     GSC2  ;TN4 TN3a 
   20  N1     GSC3 ;TN3a
   21  H1     GSC3 ;TN3a
   22  C6     GSC3 ;TN3a TN5a
   23  O6     GSC3 ;TN5a
   24  C5     GSC4 ;TC1
   25  N7     GSC4 ;TN4
   26  C8     GSC4 ;TN4
   27  H8     GSC4 ;TN4
; sugare-cont 
   28  C2'     BB3 ;SP1
   29  H2''    BB3 ;SP1
   30  O2'     BB3 ;SP1
   31  H2'    BB3 ;SP1
   32  C3'     BB3 ;SN3r
   33  H3'     BB3 ;SN3r
   34  O3'     BB3 ;SN3r
   ;35  H3T     BB3 ;SN3r             ; Only used in the 3'end ; removing this now, because its added in modifications.

[ out ]
O3' C3' O4' C5' O5'
H4' C4' C5' O5'
H1' C1' C5' O5'
[ trans ]
O3' C3' C4' C5'
H5' C5' C4' O4'
H5'' C5' C4' C3'
[ cis ]
H3' C3' C4' C5'
[ chiral ]
H2' C2' C1' C3'               ; RNA, places the H thowards the base
O2' C2' C3' C1'                ; RNA, places the O away from the base
H2'' C2' C3' C1'               ; RNA, places the H away from the base
H3T C3' C4' C2'	               ; Only used in the 3'end

[ trans ]
C8 N7 C5 C6
[ out ]
H8 C8 N7 N9
N2 C2 N1 N3
[ trans ]
H21 N2 C2 N1
H22 N2 C2 N3
[ out ]
O6 C6 N1 C5
H1 N1 C2 C6
